ball.position = [0, -1]
ball.velocity = [0, -1]
ball.radius = 0.5
ball.collisionType = Ball

brick.position = [0, 0.5]
brick.width = 0.75
brick.height = 0.75
brick.collisionType = Brick
brick.health = 1

# TODO: check that we have particle and collision sound spawns