parent.mass = 3.5
parent.originalMass = 2
parent.isRelation = true

child.mass = 1
child.relationName = parent

otherchild.mass = 0.5
otherchild.relationName = parent

childchild.mass = 2.5
childchild.originalMass = 1.5
childchild.relationName = child