test.position = [1, 1]
test.control = KeepPosition
test.positionToKeep = [1.0, 1.0]
