test.control = AlwaysAccelerate
test.thrustForce = 1.0
test.force = [0, 1]