test.position = [0, 0]
test.velocity = [0, 1]
test.force = [0, 1]