test.position = [0.0, 1.0]
test.velocity = [0.0, 1.0]